[Aged Brie, 0, 0] => Aged Brie, -1, 2 
[Aged Brie, 0, 2] => Aged Brie, -1, 4 
[Aged Brie, 0, 50] => Aged Brie, -1, 50 
[Aged Brie, 0, 49] => Aged Brie, -1, 50 
[Aged Brie, 11, 0] => Aged Brie, 10, 1 
[Aged Brie, 11, 2] => Aged Brie, 10, 3 
[Aged Brie, 11, 50] => Aged Brie, 10, 50 
[Aged Brie, 11, 49] => Aged Brie, 10, 50 
[Aged Brie, -1, 0] => Aged Brie, -2, 2 
[Aged Brie, -1, 2] => Aged Brie, -2, 4 
[Aged Brie, -1, 50] => Aged Brie, -2, 50 
[Aged Brie, -1, 49] => Aged Brie, -2, 50 
[Aged Brie, 6, 0] => Aged Brie, 5, 1 
[Aged Brie, 6, 2] => Aged Brie, 5, 3 
[Aged Brie, 6, 50] => Aged Brie, 5, 50 
[Aged Brie, 6, 49] => Aged Brie, 5, 50 
[Aged Brie, 3, 0] => Aged Brie, 2, 1 
[Aged Brie, 3, 2] => Aged Brie, 2, 3 
[Aged Brie, 3, 50] => Aged Brie, 2, 50 
[Aged Brie, 3, 49] => Aged Brie, 2, 50 
[Backstage passes to a TAFKAL80ETC concert, 0, 0] => Backstage passes to a TAFKAL80ETC concert, -1, 0 
[Backstage passes to a TAFKAL80ETC concert, 0, 2] => Backstage passes to a TAFKAL80ETC concert, -1, 0 
[Backstage passes to a TAFKAL80ETC concert, 0, 50] => Backstage passes to a TAFKAL80ETC concert, -1, 0 
[Backstage passes to a TAFKAL80ETC concert, 0, 49] => Backstage passes to a TAFKAL80ETC concert, -1, 0 
[Backstage passes to a TAFKAL80ETC concert, 11, 0] => Backstage passes to a TAFKAL80ETC concert, 10, 1 
[Backstage passes to a TAFKAL80ETC concert, 11, 2] => Backstage passes to a TAFKAL80ETC concert, 10, 3 
[Backstage passes to a TAFKAL80ETC concert, 11, 50] => Backstage passes to a TAFKAL80ETC concert, 10, 50 
[Backstage passes to a TAFKAL80ETC concert, 11, 49] => Backstage passes to a TAFKAL80ETC concert, 10, 50 
[Backstage passes to a TAFKAL80ETC concert, -1, 0] => Backstage passes to a TAFKAL80ETC concert, -2, 0 
[Backstage passes to a TAFKAL80ETC concert, -1, 2] => Backstage passes to a TAFKAL80ETC concert, -2, 0 
[Backstage passes to a TAFKAL80ETC concert, -1, 50] => Backstage passes to a TAFKAL80ETC concert, -2, 0 
[Backstage passes to a TAFKAL80ETC concert, -1, 49] => Backstage passes to a TAFKAL80ETC concert, -2, 0 
[Backstage passes to a TAFKAL80ETC concert, 6, 0] => Backstage passes to a TAFKAL80ETC concert, 5, 2 
[Backstage passes to a TAFKAL80ETC concert, 6, 2] => Backstage passes to a TAFKAL80ETC concert, 5, 4 
[Backstage passes to a TAFKAL80ETC concert, 6, 50] => Backstage passes to a TAFKAL80ETC concert, 5, 50 
[Backstage passes to a TAFKAL80ETC concert, 6, 49] => Backstage passes to a TAFKAL80ETC concert, 5, 50 
[Backstage passes to a TAFKAL80ETC concert, 3, 0] => Backstage passes to a TAFKAL80ETC concert, 2, 3 
[Backstage passes to a TAFKAL80ETC concert, 3, 2] => Backstage passes to a TAFKAL80ETC concert, 2, 5 
[Backstage passes to a TAFKAL80ETC concert, 3, 50] => Backstage passes to a TAFKAL80ETC concert, 2, 50 
[Backstage passes to a TAFKAL80ETC concert, 3, 49] => Backstage passes to a TAFKAL80ETC concert, 2, 50 
[Sulfuras, Hand of Ragnaros, 0, 0] => Sulfuras, Hand of Ragnaros, 0, 0 
[Sulfuras, Hand of Ragnaros, 0, 2] => Sulfuras, Hand of Ragnaros, 0, 2 
[Sulfuras, Hand of Ragnaros, 0, 50] => Sulfuras, Hand of Ragnaros, 0, 50 
[Sulfuras, Hand of Ragnaros, 0, 49] => Sulfuras, Hand of Ragnaros, 0, 49 
[Sulfuras, Hand of Ragnaros, 11, 0] => Sulfuras, Hand of Ragnaros, 11, 0 
[Sulfuras, Hand of Ragnaros, 11, 2] => Sulfuras, Hand of Ragnaros, 11, 2 
[Sulfuras, Hand of Ragnaros, 11, 50] => Sulfuras, Hand of Ragnaros, 11, 50 
[Sulfuras, Hand of Ragnaros, 11, 49] => Sulfuras, Hand of Ragnaros, 11, 49 
[Sulfuras, Hand of Ragnaros, -1, 0] => Sulfuras, Hand of Ragnaros, -1, 0 
[Sulfuras, Hand of Ragnaros, -1, 2] => Sulfuras, Hand of Ragnaros, -1, 2 
[Sulfuras, Hand of Ragnaros, -1, 50] => Sulfuras, Hand of Ragnaros, -1, 50 
[Sulfuras, Hand of Ragnaros, -1, 49] => Sulfuras, Hand of Ragnaros, -1, 49 
[Sulfuras, Hand of Ragnaros, 6, 0] => Sulfuras, Hand of Ragnaros, 6, 0 
[Sulfuras, Hand of Ragnaros, 6, 2] => Sulfuras, Hand of Ragnaros, 6, 2 
[Sulfuras, Hand of Ragnaros, 6, 50] => Sulfuras, Hand of Ragnaros, 6, 50 
[Sulfuras, Hand of Ragnaros, 6, 49] => Sulfuras, Hand of Ragnaros, 6, 49 
[Sulfuras, Hand of Ragnaros, 3, 0] => Sulfuras, Hand of Ragnaros, 3, 0 
[Sulfuras, Hand of Ragnaros, 3, 2] => Sulfuras, Hand of Ragnaros, 3, 2 
[Sulfuras, Hand of Ragnaros, 3, 50] => Sulfuras, Hand of Ragnaros, 3, 50 
[Sulfuras, Hand of Ragnaros, 3, 49] => Sulfuras, Hand of Ragnaros, 3, 49 
[Another item, 0, 0] => Another item, -1, 0 
[Another item, 0, 2] => Another item, -1, 0 
[Another item, 0, 50] => Another item, -1, 48 
[Another item, 0, 49] => Another item, -1, 47 
[Another item, 11, 0] => Another item, 10, 0 
[Another item, 11, 2] => Another item, 10, 1 
[Another item, 11, 50] => Another item, 10, 49 
[Another item, 11, 49] => Another item, 10, 48 
[Another item, -1, 0] => Another item, -2, 0 
[Another item, -1, 2] => Another item, -2, 0 
[Another item, -1, 50] => Another item, -2, 48 
[Another item, -1, 49] => Another item, -2, 47 
[Another item, 6, 0] => Another item, 5, 0 
[Another item, 6, 2] => Another item, 5, 1 
[Another item, 6, 50] => Another item, 5, 49 
[Another item, 6, 49] => Another item, 5, 48 
[Another item, 3, 0] => Another item, 2, 0 
[Another item, 3, 2] => Another item, 2, 1 
[Another item, 3, 50] => Another item, 2, 49 
[Another item, 3, 49] => Another item, 2, 48 
